// Jest Snapshot v1, https://goo.gl/fbAQLP

exports[`the quiz selection component should display all quiz selection 1`] = `
<div>
  <h2>
    select catagories
  </h2>
  <Controls
    create={[Function]}
  />
</div>
`;
