// Jest Snapshot v1, https://goo.gl/fbAQLP

exports[`the selection component for the study should display study selection 1`] = `
<div>
  <h2>
    select catagories
  </h2>
  <Controls
    create={[Function]}
  />
</div>
`;
